// Jest Snapshot v1, https://goo.gl/fbAQLP

exports[`StyledMenuItemAvatar should has default styles 1`] = `
.c0.c0.c0 {
  padding-left: 1.14285714em;
  padding-right: 1.14285714em;
}

.c0.c0.c0:before {
  display: none;
}

@media (max-width:768px) {
  .c0.c0.c0 {
    padding-left: 1.14285714em;
    padding-right: 1.14285714em;
  }
}

<Styled(MenuItem)>
  <StyledComponent
    forwardedComponent={
      Object {
        "$$typeof": Symbol(react.forward_ref),
        "attrs": Array [],
        "componentStyle": ComponentStyle {
          "componentId": "sc-bdVaJa",
          "isStatic": false,
          "lastClassName": "c0",
          "rules": Array [
            "
  &&& {
    padding-left: ",
            [Function],
            ";
    padding-right: ",
            [Function],
            ";

    &:before {
      display: none;
    }

    @media ",
            "(max-width: 768px)",
            " {
      padding-left: ",
            "1.14285714em",
            ";
      padding-right: ",
            "1.14285714em",
            "
    }
  }
",
          ],
        },
        "create": [Function],
        "displayName": "Styled(MenuItem)",
        "foldedComponentIds": Array [],
        "handledProps": Array [
          "active",
          "as",
          "children",
          "className",
          "color",
          "content",
          "disabled",
          "fitted",
          "header",
          "icon",
          "index",
          "link",
          "name",
          "onClick",
          "position",
        ],
        "render": [Function],
        "styledComponentId": "sc-bdVaJa",
        "target": [Function],
        "toString": [Function],
        "warnTooManyClasses": [Function],
        "withComponent": [Function],
      }
    }
    forwardedRef={null}
  >
    <MenuItem
      className="c0"
    >
      <div
        className="item c0"
        onClick={[Function]}
      />
    </MenuItem>
  </StyledComponent>
</Styled(MenuItem)>
`;
