// Jest Snapshot v1, https://goo.gl/fbAQLP

exports[`ThemedDivider should has "border-color" equals to "#ff6347ab"  1`] = `
.c0.c0.c0 {
  border-color: #ff6347ab;
}

<Styled(Segment)>
  <StyledComponent
    forwardedComponent={
      Object {
        "$$typeof": Symbol(react.forward_ref),
        "Group": [Function],
        "Inline": [Function],
        "attrs": Array [],
        "componentStyle": ComponentStyle {
          "componentId": "sc-bdVaJa",
          "isStatic": false,
          "lastClassName": "c0",
          "rules": Array [
            "
  &&& {
    /* padding: 0; */
    border-color: ",
            [Function],
            ";
  }
",
          ],
        },
        "displayName": "Styled(Segment)",
        "foldedComponentIds": Array [],
        "handledProps": Array [
          "as",
          "attached",
          "basic",
          "children",
          "circular",
          "className",
          "clearing",
          "color",
          "compact",
          "content",
          "disabled",
          "floated",
          "inverted",
          "loading",
          "padded",
          "piled",
          "placeholder",
          "raised",
          "secondary",
          "size",
          "stacked",
          "tertiary",
          "textAlign",
          "vertical",
        ],
        "render": [Function],
        "styledComponentId": "sc-bdVaJa",
        "target": [Function],
        "toString": [Function],
        "warnTooManyClasses": [Function],
        "withComponent": [Function],
      }
    }
    forwardedRef={null}
  >
    <Segment
      className="c0"
    >
      <div
        className="ui segment c0"
      />
    </Segment>
  </StyledComponent>
</Styled(Segment)>
`;
